Computing dynamic features for 2396 / 2396 sequences (workers=4, n_shuffles=100)
  25/2396
  50/2396
  75/2396
  100/2396
  125/2396
  150/2396
  175/2396
  200/2396
  225/2396
  250/2396
  275/2396
  300/2396
  325/2396
  350/2396
  375/2396
  400/2396
  425/2396
  450/2396
  475/2396
  500/2396
  525/2396
  550/2396
  575/2396
  600/2396
  625/2396
  650/2396
  675/2396
  700/2396
  725/2396
  750/2396
  775/2396
  800/2396
  825/2396
  850/2396
  875/2396
  900/2396
  925/2396
  950/2396
  975/2396
  1000/2396
  1025/2396
  1050/2396
  1075/2396
  1100/2396
  1125/2396
  1150/2396
  1175/2396
  1200/2396
  1225/2396
  1250/2396
  1275/2396
  1300/2396
  1325/2396
  1350/2396
  1375/2396
  1400/2396
  1425/2396
  1450/2396
  1475/2396
  1500/2396
  1525/2396
  1550/2396
  1575/2396
  1600/2396
  1625/2396
  1650/2396
  1675/2396
  1700/2396
  1725/2396
  1750/2396
  1775/2396
  1800/2396
  1825/2396
  1850/2396
  1875/2396
  1900/2396
  1925/2396
  1950/2396
  1975/2396
  2000/2396
  2025/2396
  2050/2396
  2075/2396
  2100/2396
  2125/2396
  2150/2396
  2175/2396
  2200/2396
  2225/2396
  2250/2396
  2275/2396
  2300/2396
  2325/2396
  2350/2396
  2375/2396
  2396/2396
{
  "n_fused": 2396,
  "n_sidecar": 2396,
  "n_computed_this_run": 2396,
  "n_shuffles": 100,
  "output_csv": "/Users/amierzuhri/arcblanc/Thermoswitches-MLBIO/data/processed/fused_features_refseq_dynamic.csv",
  "sidecar_csv": "/Users/amierzuhri/arcblanc/Thermoswitches-MLBIO/data/processed/viennarna/refseq_dynamic_features.csv",
  "mean_z_pos": -2.543075209915735,
  "mean_z_neg": -1.3440656081294915,
  "delta_mean_z_pos_minus_neg": -1.1990096017862435,
  "zscore_sanity_positives_more_negative": true,
  "n_missing_dynamic": 0,
  "mean_viennarna_mfe_zscore": -1.9435704090226131,
  "mean_viennarna_delta_P_RBS": 0.06491629155286606,
  "mean_viennarna_delta_delta_G": 41.02851419212399,
  "mean_viennarna_ensemble_diversity": 74.11599337177714,
  "mean_viennarna_mean_positional_entropy": 0.9057795558847035
}
