{
  "n_pos": 1198,
  "n_neg_pool": 3530,
  "mean_len_pos": 346.13689482470784,
  "mean_len_neg_pool": 425.5750708215297,
  "mean_gc_pos": 0.44650652573579613,
  "mean_gc_neg_pool": 0.4780306662988721,
  "delta_mu_length_pre": -79.43817599682188,
  "mode": "cds_truncate",
  "n_matched": 1198,
  "n_unmatched": 0,
  "unmatched_fraction": 0.0,
  "delta_mu_length_post": 0.0,
  "delta_mu_gc_post": 0.0002615359836085629,
  "delta_sigma_length_post": 0.0,
  "mean_assignment_z_distance": 0.0036591524740113767,
  "delta_l_gate": 0.0,
  "delta_gc_gate": 0.05,
  "top_k": 150,
  "long_positive_truncation_risk": false,
  "output_csv": "/Users/amierzuhri/arcblanc/Thermoswitches-MLBIO/data/processed/balanced/length_gc_matched_refseq_dataset.csv",
  "output_fasta": "/Users/amierzuhri/arcblanc/Thermoswitches-MLBIO/data/processed/balanced/length_gc_matched_refseq_dataset.fasta",
  "negatives_csv": "/Users/amierzuhri/arcblanc/Thermoswitches-MLBIO/data/processed/balanced/length_gc_matched_refseq_negatives.csv",
  "negatives_fasta": "/Users/amierzuhri/arcblanc/Thermoswitches-MLBIO/data/processed/balanced/length_gc_matched_refseq_negatives.fasta"
}
Wrote matched dataset → /Users/amierzuhri/arcblanc/Thermoswitches-MLBIO/data/processed/balanced/length_gc_matched_refseq_dataset.csv
Wrote report → /Users/amierzuhri/arcblanc/Thermoswitches-MLBIO/data/processed/balanced/length_gc_matched_refseq_report.json
