{
  "n_pos": 1198,
  "n_neg_pool": 3530,
  "mean_len_pos": 346.13689482470784,
  "mean_len_neg_pool": 425.5750708215297,
  "mean_gc_pos": 0.44650652573579613,
  "mean_gc_neg_pool": 0.4780306662988721,
  "delta_mu_length_pre": -79.43817599682188,
  "n_matched": 735,
  "n_unmatched": 463,
  "unmatched_fraction": 0.38647746243739567,
  "delta_mu_length_post": 3.7510204081632423,
  "delta_mu_gc_post": -0.001283433029781622,
  "delta_sigma_length_post": -7.467792431439889,
  "mean_assignment_z_distance": 0.13885487901801866,
  "delta_l_gate": 40.0,
  "delta_gc_gate": 0.05,
  "top_k": 50,
  "unmatched_length_quantiles": {
    "0.5": 390.0,
    "0.75": 425.0,
    "0.9": 438.0,
    "1.0": 463.0
  },
  "matched_length_quantiles": {
    "0.5": 392.0,
    "0.75": 430.0,
    "0.9": 452.0,
    "1.0": 512.0
  },
  "long_positive_truncation_risk": false,
  "escalation": {
    "n_pos": 473,
    "n_neg_pool": 1529,
    "mean_len_pos": 281.0169133192389,
    "mean_len_neg_pool": 582.7272727272727,
    "mean_gc_pos": 0.4620753278823942,
    "mean_gc_neg_pool": 0.5222595081745922,
    "delta_mu_length_pre": -301.71035940803387,
    "n_matched": 10,
    "n_unmatched": 463,
    "unmatched_fraction": 0.9788583509513742,
    "delta_mu_length_post": -49.60000000000002,
    "delta_mu_gc_post": 0.05773072329596168,
    "delta_sigma_length_post": -5.68425716486221,
    "mean_assignment_z_distance": 0.5752368798481575,
    "delta_l_gate": 60.0,
    "delta_gc_gate": 0.07500000000000001,
    "top_k": 50,
    "unmatched_length_quantiles": {
      "0.5": 390.0,
      "0.75": 425.0,
      "0.9": 438.0,
      "1.0": 463.0
    },
    "matched_length_quantiles": {
      "0.5": 447.0,
      "0.75": 468.0,
      "0.9": 473.0,
      "1.0": 473.0
    },
    "long_positive_truncation_risk": false
  },
  "output_csv": "/Users/amierzuhri/arcblanc/Thermoswitches-MLBIO/data/processed/balanced/length_gc_matched_refseq_dataset.csv",
  "output_fasta": "/Users/amierzuhri/arcblanc/Thermoswitches-MLBIO/data/processed/balanced/length_gc_matched_refseq_dataset.fasta",
  "negatives_csv": "/Users/amierzuhri/arcblanc/Thermoswitches-MLBIO/data/processed/balanced/length_gc_matched_refseq_negatives.csv",
  "negatives_fasta": "/Users/amierzuhri/arcblanc/Thermoswitches-MLBIO/data/processed/balanced/length_gc_matched_refseq_negatives.fasta"
}
Wrote matched dataset → /Users/amierzuhri/arcblanc/Thermoswitches-MLBIO/data/processed/balanced/length_gc_matched_refseq_dataset.csv
Wrote report → /Users/amierzuhri/arcblanc/Thermoswitches-MLBIO/data/processed/balanced/length_gc_matched_refseq_report.json
