GCF_000015865.1: kept=60 hk=140 cds=3352
GCF_000024285.1: kept=53 hk=153 cds=3136
GCF_000025305.1: kept=35 hk=128 cds=2110
GCF_000093085.1: kept=36 hk=132 cds=3324
GCF_000144625.1: kept=66 hk=161 cds=4256
GCF_000144695.1: kept=36 hk=132 cds=2356
GCF_000196455.1: kept=38 hk=140 cds=2536
GCF_000237085.1: kept=66 hk=159 cds=4156
GCF_000247605.1: kept=38 hk=143 cds=3646
GCF_001543105.1: kept=35 hk=103 cds=1515
GCF_001543145.1: kept=35 hk=102 cds=1771
GCF_001543175.1: kept=34 hk=106 cds=1736
GCF_001543205.1: kept=37 hk=107 cds=1793
GCF_001543245.1: kept=31 hk=101 cds=1657
GCF_001543285.1: kept=39 hk=113 cds=2004
GCF_001989575.1: kept=30 hk=109 cds=1743
GCF_002844395.1: kept=52 hk=142 cds=3281
GCF_004103715.1: kept=46 hk=164 cds=3601
GCF_004295125.1: kept=41 hk=148 cds=3701
GCF_004359375.1: kept=24 hk=97 cds=1517
GCF_008726475.3: kept=34 hk=107 cds=1746
GCF_012317185.1: kept=55 hk=148 cds=4553
GCF_013267415.1: kept=33 hk=111 cds=1836
GCF_017357865.1: kept=36 hk=137 cds=2185
GCF_022453685.1: kept=49 hk=157 cds=3303
GCF_022845755.1: kept=34 hk=133 cds=3606
GCF_023700225.1: kept=42 hk=160 cds=3599
GCF_025144545.1: kept=31 hk=119 cds=2113
GCF_025149125.1: kept=63 hk=156 cds=5648
GCF_025152405.1: kept=46 hk=131 cds=2508
GCF_030762805.1: kept=33 hk=115 cds=2681
GCF_031760945.1: kept=47 hk=140 cds=3628
GCF_040267475.1: kept=61 hk=160 cds=4693
GCF_047456275.1: kept=41 hk=158 cds=3746
GCF_047456285.1: kept=49 hk=165 cds=3764
GCF_047936785.1: kept=40 hk=120 cds=2231
GCF_047943045.1: kept=38 hk=114 cds=2507
GCF_055386145.1: kept=58 hk=148 cds=3426
GCF_902729405.1: kept=63 hk=159 cds=4013
GCF_940677205.1: kept=36 hk=117 cds=1961
GCF_000007745.1: kept=35 hk=114 cds=2111
GCF_000021485.1: kept=41 hk=144 cds=3013
GCF_000022305.1: kept=47 hk=163 cds=3568
GCF_000164865.1: kept=58 hk=173 cds=4465
GCF_000202835.1: kept=55 hk=156 cds=3969
GCF_000221025.1: kept=51 hk=154 cds=3215
GCF_001499615.1: kept=45 hk=126 cds=3621
GCF_001647695.1: kept=30 hk=116 cds=1479
GCF_001705075.2: kept=53 hk=141 cds=3078
GCF_001753245.1: kept=29 hk=136 cds=3478
GCF_002173775.1: kept=38 hk=117 cds=3059
GCF_002220195.1: kept=35 hk=113 cds=2943
GCF_002812705.1: kept=61 hk=175 cds=5790
GCF_003352165.1: kept=61 hk=180 cds=3832
GCF_003721225.2: kept=43 hk=142 cds=2829
GCF_003966655.1: kept=43 hk=143 cds=2991
GCF_004014775.2: kept=40 hk=119 cds=2896
GCF_008365315.1: kept=44 hk=120 cds=2760
GCF_009662475.1: kept=46 hk=144 cds=3528
GCF_009914215.2: kept=38 hk=121 cds=3092
GCF_010378095.2: kept=39 hk=129 cds=3153
GCF_013267395.1: kept=59 hk=188 cds=6211
GCF_016250455.1: kept=53 hk=145 cds=3142
GCF_016592595.1: kept=22 hk=107 cds=2026
GCF_016728825.1: kept=63 hk=181 cds=6381
GCF_018853465.2: kept=41 hk=131 cds=2830
GCF_018854495.2: kept=45 hk=147 cds=3153
GCF_020447305.1: kept=42 hk=138 cds=3124
GCF_022647505.1: kept=72 hk=154 cds=3640
GCF_028215975.1: kept=41 hk=126 cds=2680
GCF_029866465.1: kept=60 hk=166 cds=5125
GCF_030252425.1: kept=52 hk=143 cds=4776
GCF_030864005.1: kept=63 hk=170 cds=6148
GCF_037619525.1: kept=59 hk=188 cds=6027
GCF_055384605.1: kept=43 hk=130 cds=2961
GCF_056716105.1: kept=39 hk=133 cds=2670
GCF_057837225.1: kept=51 hk=129 cds=4164
GCF_900637265.1: kept=66 hk=178 cds=5882
GCF_965286225.1: kept=38 hk=116 cds=2681
GCF_965286365.1: kept=46 hk=123 cds=2907
{
  "n_assemblies": 80,
  "n_candidates": 3572,
  "target_candidates": 3000,
  "min_utr": 200,
  "max_utr": 600,
  "n_too_short_total": 7446,
  "n_housekeeping_total": 11054,
  "output_csv": "/Users/amierzuhri/arcblanc/Thermoswitches-MLBIO/data/processed/refseq_utr/candidates.csv",
  "output_fasta": "/Users/amierzuhri/arcblanc/Thermoswitches-MLBIO/data/processed/refseq_utr/candidates.fasta",
  "ready_for_cmscan": true
}
