{
  "n": 2396,
  "n_pos": 1198,
  "n_neg": 1198,
  "group_col": "rfam_acc",
  "n_families": 108,
  "mean_len_pos": 346.13689482470784,
  "mean_len_neg": 346.13689482470784,
  "delta_mu_length": 0.0,
  "corr_length_viennarna_MFE": -0.8379965737785289,
  "corr_length_viennarna_MFE_per_nt": 0.2216065478866465,
  "corr_length_nupack_MFE": -0.6759804031578962,
  "corr_length_nupack_MFE_per_nt": 0.36421771764895966,
  "features_intensive": [
    "nupack_MFE_per_nt",
    "nupack_max_stem_frac",
    "nupack_max_loop_frac",
    "nupack_mean_exposure",
    "nupack_gc_content",
    "nupack_Tm",
    "nupack_hill_coeff",
    "nupack_amplitude",
    "viennarna_MFE_per_nt",
    "viennarna_max_loop_frac",
    "viennarna_gc_content",
    "viennarna_mean_unpaired_prob",
    "viennarna_Tm",
    "viennarna_hill_coeff",
    "viennarna_amplitude",
    "viennarna_mfe_zscore",
    "viennarna_delta_P_RBS",
    "viennarna_delta_delta_G",
    "viennarna_ensemble_diversity",
    "viennarna_mean_positional_entropy"
  ],
  "length_alone_stratified": {
    "roc_auc": 0.1956188806608677,
    "accuracy": 0.27295492487479134
  },
  "intensive_stratified_group": {
    "roc_auc": 0.1872998542367496,
    "accuracy": 0.3843906510851419
  },
  "intensive_stratified": {
    "roc_auc": 0.7980928146800036,
    "accuracy": 0.7266277128547579
  },
  "legacy_raw_mfe_stratified": {
    "roc_auc": 0.9544231335154805,
    "accuracy": 0.9198329853862213
  },
  "legacy_length_alone_stratified": {
    "roc_auc": 0.9409482944980704,
    "accuracy": 0.8864300626304802
  },
  "length_alone_gate": 0.65,
  "length_alone_gate_passed": true
}

Saved → data/processed/refseq_dynamic_rf_diagnostics.json
